   Compiling libc v0.2.189
   Compiling proc-macro2 v1.0.107
   Compiling quote v1.0.47
   Compiling unicode-ident v1.0.24
   Compiling cfg-if v1.0.4
   Compiling pin-project-lite v0.2.17
   Compiling bytes v1.12.1
   Compiling version_check v0.9.5
   Compiling syn v3.0.4
   Compiling generic-array v0.14.7
   Compiling parking_lot_core v0.9.12
   Compiling itoa v1.0.18
   Compiling syn v2.0.119
   Compiling jobserver v0.1.35
   Compiling serde_core v1.0.229
   Compiling scopeguard v1.2.0
   Compiling find-msvc-tools v0.1.11
   Compiling shlex v2.0.1
   Compiling smallvec v1.15.2
   Compiling typenum v1.20.1
   Compiling cc v1.4.4
   Compiling lock_api v0.4.14
   Compiling errno v0.3.14
   Compiling once_cell v1.21.4
   Compiling futures-core v0.3.34
   Compiling signal-hook-registry v1.4.8
   Compiling cmake v0.1.58
   Compiling parking_lot v0.12.5
   Compiling zeroize_derive v1.5.0
   Compiling tokio-macros v2.7.2
   Compiling zeroize v1.9.0
   Compiling mio v1.2.2
   Compiling getrandom v0.2.17
   Compiling socket2 v0.6.5
   Compiling dunce v1.0.5
   Compiling log v0.4.34
   Compiling fs_extra v1.3.0
   Compiling pkg-config v0.3.34
   Compiling tokio v1.53.1
   Compiling rand_core v0.6.4
   Compiling crypto-common v0.1.7
   Compiling tracing-core v0.1.36
   Compiling aws-lc-sys v0.44.0
   Compiling http v1.5.0
   Compiling tracing v0.1.44
   Compiling slab v0.4.12
   Compiling aws-lc-rs v1.18.0
   Compiling http-body v1.1.0
   Compiling futures-sink v0.3.34
   Compiling equivalent v1.0.2
   Compiling hashbrown v0.17.1
   Compiling subtle v2.6.1
   Compiling httparse v1.10.1
   Compiling indexmap v2.14.1
   Compiling tokio-util v0.7.19
   Compiling rustls-pki-types v1.15.1
   Compiling zerocopy v0.8.56
   Compiling serde v1.0.229
   Compiling tower-service v0.3.3
   Compiling getrandom v0.3.4
   Compiling fnv v1.0.7
   Compiling zmij v1.0.23
   Compiling atomic-waker v1.1.2
   Compiling h2 v0.4.19
   Compiling futures-channel v0.3.34
   Compiling serde_derive v1.0.229
   Compiling utf8parse v0.2.2
   Compiling rustversion v1.0.23
   Compiling rustls v0.23.43
   Compiling autocfg v1.5.1
   Compiling serde_json v1.0.151
   Compiling untrusted v0.9.0
   Compiling httpdate v1.0.3
   Compiling hyper v1.11.1
   Compiling fs-err v3.3.1
   Compiling anstyle-parse v1.0.0
   Compiling inout v0.1.4
   Compiling is_terminal_polyfill v1.70.2
   Compiling anstyle-query v1.1.5
   Compiling percent-encoding v2.3.2
   Compiling colorchoice v1.0.5
   Compiling futures-task v0.3.34
   Compiling anstyle v1.0.14
   Compiling sync_wrapper v1.0.2
   Compiling memchr v2.8.3
   Compiling tower-layer v0.3.3
   Compiling getrandom v0.4.3
   Compiling rustix v1.1.4
   Compiling ppv-lite86 v0.2.21
   Compiling anstream v1.0.0
   Compiling futures-util v0.3.34
   Compiling form_urlencoded v1.2.2
   Compiling cipher v0.4.4
   Compiling rand_core v0.9.5
   Compiling hyper-util v0.1.20
   Compiling universal-hash v0.5.1
   Compiling http-body-util v0.1.5
   Compiling block-buffer v0.10.4
   Compiling opaque-debug v0.3.1
   Compiling clap_lex v1.1.0
   Compiling bitflags v2.13.1
   Compiling linux-raw-sys v0.12.1
   Compiling strsim v0.11.1
   Compiling thiserror v2.0.20
   Compiling winnow v1.0.4
   Compiling heck v0.5.0
   Compiling mime v0.3.17
   Compiling ryu v1.0.23
   Compiling axum-core v0.5.6
   Compiling serde_urlencoded v0.7.1
   Compiling clap_derive v4.6.4
   Compiling toml_parser v1.1.3+spec-1.1.0
   Compiling clap_builder v4.6.6
   Compiling poly1305 v0.8.0
   Compiling digest v0.10.7
   Compiling arc-swap v1.9.2
   Compiling rand_chacha v0.9.0
   Compiling chacha20 v0.9.1
   Compiling tower v0.5.3
   Compiling aead v0.5.2
   Compiling serde_spanned v1.1.1
   Compiling toml_datetime v0.7.5+spec-1.1.0
   Compiling serde_path_to_error v0.1.20
   Compiling thiserror-impl v2.0.20
   Compiling cpufeatures v0.2.17
   Compiling matchit v0.8.4
   Compiling ryu-js v0.2.2
   Compiling either v1.18.0
   Compiling winnow v0.7.15
   Compiling toml_writer v1.1.2+spec-1.1.0
   Compiling serde_jcs v0.1.0
   Compiling axum v0.8.9
   Compiling toml v0.9.12+spec-1.1.0
   Compiling sha2 v0.10.9
   Compiling chacha20poly1305 v0.10.1
   Compiling uuid v1.26.0
   Compiling rand v0.9.5
   Compiling clap v4.6.6
   Compiling fs4 v0.13.1
   Compiling rustls-pemfile v2.2.0
   Compiling base64 v0.22.1
   Compiling hex v0.4.3
   Compiling rustls-webpki v0.103.15
   Compiling tokio-rustls v0.26.4
   Compiling axum-server v0.8.0
   Compiling teslatlas-edge v2026.36.2 (/home/bolyki.guest/f6-five-linux-20260919-r1/runtime/prefix/.staging/25785236696d4b048c51beda9dca5bbd/components/edge/source)
    Finished `release` profile [optimized] target(s) in 42.50s
Teslatlas user-operated Fleet Telemetry ingress

Usage: teslatlas-edge [OPTIONS] <COMMAND>

Commands:
  storage-format  Print the maximum supported on-disk spool format for launch guards
  init            Create the Edge spool key, receiver bearer, and empty Hub credential store
  doctor          Validate configured files without opening listeners
  serve           Run the loopback receiver and public mTLS Hub listener
  credential      Manage scoped Hub bearer credentials
  receiver-token  Manage the loopback receiver bearer
  help            Print this message or the help of the given subcommand(s)

Options:
      --config <PATH>  [default: /etc/teslatlas-edge/config.toml]
  -h, --help           Print help
  -V, --version        Print version
patching file config/config.go
patching file config/optional_dispatchers_cgo.go
patching file config/optional_dispatchers_nocgo.go
patching file datastore/teslatlas/teslatlas.go
patching file datastore/teslatlas/teslatlas_test.go
patching file telemetry/producer.go
patching file telemetry/record.go
ok  	github.com/teslamotors/fleet-telemetry/datastore/teslatlas	0.028s
/home/bolyki.guest/f6-five-linux-20260919-r1/runtime/prefix/.staging/25785236696d4b048c51beda9dca5bbd/components/edge/output/fleet-telemetry-bridge
