run=fixed-a-retry-after-exact-target-cleanup
started_at=2026-09-19T23:25:17Z
archive_sha256=85fbaea4482d9965cd30fed66cc18ada308f068cdf2f6a61ee736382f5cf9037
patch_sha256=8ae19ef622d5f155042a28fd34ac741bcd6327dd6216a62dfa3a3d3464c5c3eb
source_commit=1b6dc00379819869f4cd8ed8897c2f1f915023a2
source_date_epoch=1789859251
   Compiling proc-macro2 v1.0.107
   Compiling libc v0.2.189
   Compiling unicode-ident v1.0.24
   Compiling quote v1.0.47
   Compiling cfg-if v1.0.4
   Compiling rand_core v0.10.1
   Compiling getrandom v0.4.3
   Compiling typenum v1.20.1
   Compiling syn v2.0.119
   Compiling syn v3.0.3
   Compiling jobserver v0.1.35
   Compiling shlex v2.0.1
   Compiling find-msvc-tools v0.1.11
   Compiling hybrid-array v0.4.14
   Compiling cc v1.4.4
   Compiling bytes v1.12.1
   Compiling crypto-common v0.2.2
   Compiling pin-project-lite v0.2.17
   Compiling once_cell v1.21.4
   Compiling log v0.4.33
   Compiling itoa v1.0.18
   Compiling cmov v0.5.4
   Compiling ctutils v0.4.2
   Compiling synstructure v0.13.2
   Compiling block-buffer v0.12.1
   Compiling errno v0.3.14
   Compiling futures-core v0.3.34
   Compiling signal-hook-registry v1.4.8
   Compiling mio v1.2.2
   Compiling socket2 v0.6.5
   Compiling tokio-macros v2.7.2
   Compiling serde_core v1.0.229
   Compiling smallvec v1.15.2
   Compiling zerofrom-derive v0.1.7
   Compiling zeroize_derive v1.5.0
   Compiling tokio v1.53.1
   Compiling zeroize v1.9.0
   Compiling yoke-derive v0.8.2
   Compiling zerofrom v0.1.8
   Compiling futures-sink v0.3.34
   Compiling stable_deref_trait v1.2.1
   Compiling http v1.5.0
   Compiling yoke v0.8.3
   Compiling tracing-core v0.1.36
   Compiling ring v0.17.14
   Compiling cpufeatures v0.3.0
   Compiling const-oid v0.10.2
   Compiling digest v0.11.3
   Compiling tracing-attributes v0.1.31
   Compiling zerovec-derive v0.11.6
   Compiling slab v0.4.12
   Compiling tracing v0.1.44
   Compiling zerovec v0.11.8
   Compiling rustls-pki-types v1.15.1
   Compiling displaydoc v0.2.7
   Compiling getrandom v0.2.17
   Compiling base64 v0.22.1
   Compiling untrusted v0.9.0
   Compiling foldhash v0.2.0
   Compiling percent-encoding v2.3.2
   Compiling hashbrown v0.17.1
   Compiling tokio-util v0.7.19
   Compiling futures-macro v0.3.34
   Compiling futures-task v0.3.34
   Compiling subtle v2.6.1
   Compiling futures-util v0.3.34
   Compiling http-body v1.1.0
   Compiling pkg-config v0.3.34
   Compiling rustls v0.23.43
   Compiling httparse v1.10.1
   Compiling memchr v2.8.3
   Compiling tinystr v0.8.4
   Compiling serde v1.0.229
   Compiling litemap v0.8.3
   Compiling writeable v0.6.4
   Compiling equivalent v1.0.2
   Compiling tower-service v0.3.3
   Compiling icu_locale_core v2.3.0
   Compiling indexmap v2.14.0
   Compiling zerotrie v0.2.5
   Compiling potential_utf v0.1.6
   Compiling futures-channel v0.3.34
   Compiling serde_derive v1.0.229
   Compiling chacha20 v0.10.2
   Compiling icu_normalizer_data v2.3.0
   Compiling icu_properties_data v2.3.0
   Compiling tinyvec_macros v0.1.1
   Compiling utf8_iter v1.0.4
   Compiling autocfg v1.5.1
   Compiling icu_collections v2.3.0
   Compiling tinyvec v1.12.0
   Compiling rand v0.10.2
   Compiling icu_provider v2.3.1
   Compiling try-lock v0.2.5
   Compiling time-core v0.1.9
   Compiling deranged v0.5.8
   Compiling num-conv v0.2.2
   Compiling fnv v1.0.7
   Compiling atomic-waker v1.1.2
   Compiling powerfmt v0.2.0
   Compiling h2 v0.4.18
   Compiling want v0.3.1
   Compiling unicode-normalization v0.1.25
   Compiling time v0.3.55
   Compiling sha2 v0.11.0
   Compiling rustls-webpki v0.103.15
   Compiling unicode-bidi v0.3.18
   Compiling unicode-properties v0.1.4
   Compiling tower-layer v0.3.3
   Compiling zmij v1.0.23
   Compiling httpdate v1.0.3
   Compiling hyper v1.11.0
   Compiling stringprep v0.1.5
   Compiling tokio-rustls v0.26.4
   Compiling icu_properties v2.3.0
   Compiling icu_normalizer v2.3.0
   Compiling zstd-sys v2.0.16+zstd.1.5.7
   Compiling form_urlencoded v1.2.2
   Compiling md-5 v0.11.0
   Compiling hmac v0.13.0
   Compiling sync_wrapper v1.0.2
   Compiling inout v0.2.2
   Compiling fallible-iterator v0.2.0
   Compiling parking_lot_core v0.9.12
   Compiling bitflags v2.13.1
   Compiling ipnet v2.12.1
   Compiling openssl-probe v0.2.1
   Compiling serde_json v1.0.151
   Compiling semver v1.0.28
   Compiling crc32fast v1.5.0
   Compiling byteorder v1.5.0
   Compiling rustc_version v0.4.1
   Compiling postgres-protocol v0.6.12
   Compiling hyper-util v0.1.20
   Compiling rustls-native-certs v0.8.4
   Compiling idna_adapter v1.2.2
   Compiling der_derive v0.7.3
   Compiling scopeguard v1.2.0
   Compiling cpubits v0.1.1
   Compiling utf8parse v0.2.2
   Compiling thiserror v2.0.20
   Compiling const-oid v0.9.6
   Compiling simd-adler32 v0.3.10
   Compiling rustversion v1.0.23
   Compiling flagset v0.4.7
   Compiling siphasher v1.0.3
   Compiling vcpkg v0.2.15
   Compiling phf_shared v0.13.1
   Compiling der v0.7.10
   Compiling libsqlite3-sys v0.38.2
   Compiling anstyle-parse v1.0.0
   Compiling lock_api v0.4.14
   Compiling idna v1.1.0
   Compiling postgres-types v0.2.14
   Compiling curve25519-dalek v5.0.0
   Compiling cipher v0.5.2
   Compiling tower v0.5.3
   Compiling fs-err v3.3.1
   Compiling num-traits v0.2.19
   Compiling http-body-util v0.1.5
   Compiling thiserror-impl v2.0.20
   Compiling universal-hash v0.6.1
   Compiling regex-syntax v0.8.11
   Compiling anstyle v1.0.14
   Compiling zstd-safe v7.2.4
   Compiling anstyle-query v1.1.5
   Compiling is_terminal_polyfill v1.70.2
   Compiling ryu v1.0.23
   Compiling adler2 v2.0.1
   Compiling colorchoice v1.0.5
   Compiling anstream v1.0.0
   Compiling miniz_oxide v0.8.9
   Compiling serde_urlencoded v0.7.1
   Compiling regex-automata v0.4.18
   Compiling polyval v0.7.3
   Compiling parking_lot v0.12.5
   Compiling url v2.5.8
   Compiling spki v0.7.3
   Compiling phf v0.13.1
   Compiling sha1 v0.11.0
   Compiling async-trait v0.1.92
   Compiling whoami v2.1.3
   Compiling clap_lex v1.1.0
   Compiling signature v3.0.0
   Compiling strsim v0.11.1
   Compiling sha1_smol v1.0.1
   Compiling rustix v1.1.4
   Compiling data-encoding v2.11.1
   Compiling zlib-rs v0.6.7
   Compiling rust_decimal v1.42.1
   Compiling lazy_static v1.5.0
   Compiling mime v0.3.17
   Compiling heck v0.5.0
   Compiling winnow v1.0.4
   Compiling bumpalo v3.20.3
   Compiling zopfli v0.8.3
   Compiling toml_parser v1.1.3+spec-1.1.0
   Compiling clap_derive v4.6.4
   Compiling axum-core v0.5.6
   Compiling sharded-slab v0.1.7
   Compiling flate2 v1.1.9
   Compiling tungstenite v0.30.0
   Compiling uuid v1.24.1
   Compiling clap_builder v4.6.6
   Compiling ed25519 v3.0.0
   Compiling tokio-postgres v0.7.18
   Compiling arc-swap v1.9.2
   Compiling x509-cert v0.2.5
   Compiling tower-http v0.6.11
   Compiling matchers v0.2.0
   Compiling ghash v0.6.0
   Compiling aes v0.9.2
   Compiling ctr v0.10.1
   Compiling hyper-rustls v0.27.9
   Compiling rustls-platform-verifier v0.7.0
   Compiling aead v0.6.1
   Compiling yasna v0.6.0
   Compiling hashlink v0.12.1
   Compiling pem v3.0.6
   Compiling tracing-log v0.2.0
   Compiling serde_spanned v1.1.1
   Compiling serde_path_to_error v0.1.20
   Compiling toml_datetime v1.1.1+spec-1.1.0
   Compiling thread_local v1.1.10
   Compiling fallible-iterator v0.3.0
   Compiling nu-ansi-term v0.50.3
   Compiling linux-raw-sys v0.12.1
   Compiling typed-path v0.12.3
   Compiling toml_writer v1.1.2+spec-1.1.0
   Compiling fallible-streaming-iterator v0.1.9
   Compiling matchit v0.8.4
   Compiling arrayvec v0.7.8
   Compiling either v1.18.0
   Compiling teslatlas-hub v2026.36.2 (/tmp/teslatlas-hub-deb-repro-r1/fixed-a/teslatlas-hub)
   Compiling ryu-js v0.2.2
   Compiling serde_jcs v0.1.0
   Compiling axum-server v0.8.0
   Compiling zip v8.6.0
   Compiling axum v0.8.9
   Compiling toml v1.1.4+spec-1.1.0
   Compiling tracing-subscriber v0.3.23
   Compiling rcgen v0.14.9
   Compiling aes-gcm v0.11.1
   Compiling reqwest v0.13.4
   Compiling ed25519-dalek v3.0.0
   Compiling tokio-postgres-rustls v0.14.0
   Compiling clap v4.6.6
   Compiling tower-http v0.7.0
   Compiling tokio-tungstenite v0.30.0
   Compiling hex v0.4.3
   Compiling base64 v0.23.1
   Compiling zstd v0.13.3
   Compiling qrcode v0.14.1
   Compiling rusqlite v0.40.2
warning: constant `UNBOUND_SOURCE_COMMIT` is never used
 --> src/../source_identity.rs:3:11
  |
3 | pub const UNBOUND_SOURCE_COMMIT: &str = "UNBOUND";
  |           ^^^^^^^^^^^^^^^^^^^^^
  |
  = note: `#[warn(dead_code)]` (part of `#[warn(unused)]`) on by default

warning: `teslatlas-hub` (lib) generated 1 warning
    Finished `release` profile [optimized] target(s) in 1m 19s
/tmp/teslatlas-hub-deb-repro-r1/fixed-a/teslatlas-hub/dist/dependency-legal
binary_version=2026.36.2
binary_source=https://github.com/magrathean-uk/teslatlas-hub/tree/1b6dc00379819869f4cd8ed8897c2f1f915023a2
dpkg-shlibdeps: warning: binaries to analyze should already be installed in their package's directory
dpkg-shlibdeps: warning: binaries to analyze should already be installed in their package's directory
dpkg-deb: building package 'teslatlas-hub' in '/tmp/teslatlas-hub-deb-repro-r1/teslatlas-hub-fixed-a.deb'.
binary_sha256=2b7c071614c9cb31e2fb3ac4b666b636ff8aae33035d661c09c4b935d5a0fd3c
package_sha256=73aee10be8f0b4fc285e43ba341c00cf2a06d3e77146860c28b67e5cacb1159a
finished_at=2026-09-19T23:26:43Z
